../System/FatFs/diskio.c:47:9:disk_status	16	static
../System/FatFs/diskio.c:60:9:disk_initialize	16	static
../System/FatFs/diskio.c:80:9:disk_read	32	static
../System/FatFs/diskio.c:112:9:disk_write	40	static
../System/FatFs/diskio.c:143:9:disk_ioctl	56	static
../System/FatFs/diskio.c:192:7:get_fattime	4	static
../System/FatFs/diskio.c:197:23:SD_CheckStatus	16	static
../System/FatFs/diskio.c:211:23:BSP_SD_GetCardState	8	static
../System/FatFs/diskio.c:216:20:BSP_SD_GetCardInfo	16	static
../System/FatFs/diskio.c:222:23:BSP_SD_Init	16	static
