../Core/Src/main.c:103:5:main	8	static
../Core/Src/main.c:165:6:SystemClock_Config	96	static
../Core/Src/main.c:221:6:PeriphCommonClock_Config	152	static
../Core/Src/main.c:248:13:MX_ADC1_Init	48	static
../Core/Src/main.c:324:13:MX_CRC_Init	8	static
../Core/Src/main.c:355:13:MX_LPUART1_UART_Init	8	static
../Core/Src/main.c:389:13:MX_RTC_Init	80	static
../Core/Src/main.c:472:13:MX_SDMMC1_SD_Init	8	static
../Core/Src/main.c:526:13:MX_SPI1_Init	8	static
../Core/Src/main.c:566:13:MX_TIM3_Init	40	static
../Core/Src/main.c:611:13:MX_TIM4_Init	48	static
../Core/Src/main.c:658:13:MX_DMA_Init	16	static
../Core/Src/main.c:686:13:MX_GPIO_Init	56	static
../Core/Src/main.c:788:6:setRTC	56	static
../Core/Src/main.c:812:6:updateDateTime	4	static
../Core/Src/main.c:824:6:adc1ConvCmplt	4	static
../Core/Src/main.c:836:7:getAdcTemp	24	static
../Core/Src/main.c:845:6:HAL_ADC_ConvCpltCallback	16	static
../Core/Src/main.c:860:6:Error_Handler	4	static,ignoring_inline_asm
