../Core/Src/main.c:103:5:main	8	static
../Core/Src/main.c:167:6:SystemClock_Config	96	static
../Core/Src/main.c:223:6:PeriphCommonClock_Config	152	static
../Core/Src/main.c:250:13:MX_ADC1_Init	48	static
../Core/Src/main.c:326:13:MX_CRC_Init	8	static
../Core/Src/main.c:357:13:MX_LPUART1_UART_Init	8	static
../Core/Src/main.c:391:13:MX_RTC_Init	80	static
../Core/Src/main.c:474:13:MX_SDMMC1_SD_Init	8	static
../Core/Src/main.c:528:13:MX_SPI1_Init	8	static
../Core/Src/main.c:568:13:MX_TIM3_Init	40	static
../Core/Src/main.c:613:13:MX_TIM4_Init	48	static
../Core/Src/main.c:660:13:MX_DMA_Init	16	static
../Core/Src/main.c:688:13:MX_GPIO_Init	56	static
../Core/Src/main.c:790:6:setRTC	56	static
../Core/Src/main.c:814:6:updateDateTime	4	static
../Core/Src/main.c:826:6:adc1ConvCmplt	4	static
../Core/Src/main.c:838:7:getAdcTemp	24	static
../Core/Src/main.c:847:6:HAL_ADC_ConvCpltCallback	16	static
../Core/Src/main.c:862:6:Error_Handler	4	static,ignoring_inline_asm
