../Core/Src/main.c:103:5:main	1
../Core/Src/main.c:165:6:SystemClock_Config	4
../Core/Src/main.c:221:6:PeriphCommonClock_Config	2
../Core/Src/main.c:248:13:MX_ADC1_Init	5
../Core/Src/main.c:324:13:MX_CRC_Init	2
../Core/Src/main.c:355:13:MX_LPUART1_UART_Init	2
../Core/Src/main.c:389:13:MX_RTC_Init	5
../Core/Src/main.c:472:13:MX_SDMMC1_SD_Init	3
../Core/Src/main.c:526:13:MX_SPI1_Init	2
../Core/Src/main.c:566:13:MX_TIM3_Init	4
../Core/Src/main.c:611:13:MX_TIM4_Init	4
../Core/Src/main.c:658:13:MX_DMA_Init	1
../Core/Src/main.c:686:13:MX_GPIO_Init	1
../Core/Src/main.c:788:6:setRTC	2
../Core/Src/main.c:812:6:updateDateTime	2
../Core/Src/main.c:824:6:adc1ConvCmplt	2
../Core/Src/main.c:836:7:getAdcTemp	1
../Core/Src/main.c:845:6:HAL_ADC_ConvCpltCallback	2
../Core/Src/main.c:860:6:Error_Handler	1
