../Core/Src/stm32l4xx_it.c:75:6:NMI_Handler	4	static
../Core/Src/stm32l4xx_it.c:90:6:HardFault_Handler	4	static
../Core/Src/stm32l4xx_it.c:105:6:MemManage_Handler	4	static
../Core/Src/stm32l4xx_it.c:120:6:BusFault_Handler	4	static
../Core/Src/stm32l4xx_it.c:135:6:UsageFault_Handler	4	static
../Core/Src/stm32l4xx_it.c:150:6:SVC_Handler	4	static
../Core/Src/stm32l4xx_it.c:163:6:DebugMon_Handler	4	static
../Core/Src/stm32l4xx_it.c:176:6:PendSV_Handler	4	static
../Core/Src/stm32l4xx_it.c:189:6:SysTick_Handler	8	static
../Core/Src/stm32l4xx_it.c:210:6:DMA1_Channel1_IRQHandler	8	static
../Core/Src/stm32l4xx_it.c:224:6:DMA1_Channel3_IRQHandler	8	static
../Core/Src/stm32l4xx_it.c:238:6:ADC1_2_IRQHandler	8	static
../Core/Src/stm32l4xx_it.c:252:6:SPI1_IRQHandler	8	static
../Core/Src/stm32l4xx_it.c:266:6:SDMMC1_IRQHandler	8	static
../Core/Src/stm32l4xx_it.c:280:6:DMA2_Channel4_IRQHandler	8	static
../Core/Src/stm32l4xx_it.c:294:6:DMA2_Channel7_IRQHandler	8	static
