../Core/Src/stm32l4xx_hal_msp.c:72:6:HAL_MspInit	16	static
../Core/Src/stm32l4xx_hal_msp.c:107:6:HAL_ADC_MspInit	24	static
../Core/Src/stm32l4xx_hal_msp.c:152:6:HAL_ADC_MspDeInit	16	static
../Core/Src/stm32l4xx_hal_msp.c:180:6:HAL_CRC_MspInit	24	static
../Core/Src/stm32l4xx_hal_msp.c:203:6:HAL_CRC_MspDeInit	16	static
../Core/Src/stm32l4xx_hal_msp.c:225:6:HAL_UART_MspInit	184	static
../Core/Src/stm32l4xx_hal_msp.c:292:6:HAL_UART_MspDeInit	16	static
../Core/Src/stm32l4xx_hal_msp.c:323:6:HAL_RTC_MspInit	160	static
../Core/Src/stm32l4xx_hal_msp.c:357:6:HAL_RTC_MspDeInit	16	static
../Core/Src/stm32l4xx_hal_msp.c:379:6:HAL_SD_MspInit	48	static
../Core/Src/stm32l4xx_hal_msp.c:450:6:HAL_SD_MspDeInit	16	static
../Core/Src/stm32l4xx_hal_msp.c:491:6:HAL_SPI_MspInit	48	static
../Core/Src/stm32l4xx_hal_msp.c:550:6:HAL_SPI_MspDeInit	16	static
../Core/Src/stm32l4xx_hal_msp.c:585:6:HAL_TIM_Base_MspInit	24	static
../Core/Src/stm32l4xx_hal_msp.c:608:6:HAL_TIM_PWM_MspInit	24	static
../Core/Src/stm32l4xx_hal_msp.c:625:6:HAL_TIM_MspPostInit	40	static
../Core/Src/stm32l4xx_hal_msp.c:657:6:HAL_TIM_Base_MspDeInit	16	static
../Core/Src/stm32l4xx_hal_msp.c:679:6:HAL_TIM_PWM_MspDeInit	16	static
