../Drivers/STM32L4xx_HAL_Driver/Src/stm32l4xx_hal_sd.c:356:19:HAL_SD_Init	16	static
../Drivers/STM32L4xx_HAL_Driver/Src/stm32l4xx_hal_sd.c:489:19:HAL_SD_InitCard	72	static
../Drivers/STM32L4xx_HAL_Driver/Src/stm32l4xx_hal_sd.c:589:19:HAL_SD_DeInit	16	static
../Drivers/STM32L4xx_HAL_Driver/Src/stm32l4xx_hal_sd.c:646:13:HAL_SD_MspInit	16	static
../Drivers/STM32L4xx_HAL_Driver/Src/stm32l4xx_hal_sd.c:661:13:HAL_SD_MspDeInit	16	static
../Drivers/STM32L4xx_HAL_Driver/Src/stm32l4xx_hal_sd.c:702:19:HAL_SD_ReadBlocks	80	static
../Drivers/STM32L4xx_HAL_Driver/Src/stm32l4xx_hal_sd.c:925:19:HAL_SD_WriteBlocks	80	static
../Drivers/STM32L4xx_HAL_Driver/Src/stm32l4xx_hal_sd.c:1119:19:HAL_SD_ReadBlocks_IT	56	static
../Drivers/STM32L4xx_HAL_Driver/Src/stm32l4xx_hal_sd.c:1218:19:HAL_SD_WriteBlocks_IT	56	static
../Drivers/STM32L4xx_HAL_Driver/Src/stm32l4xx_hal_sd.c:1326:19:HAL_SD_ReadBlocks_DMA	56	static
../Drivers/STM32L4xx_HAL_Driver/Src/stm32l4xx_hal_sd.c:1457:19:HAL_SD_WriteBlocks_DMA	56	static
../Drivers/STM32L4xx_HAL_Driver/Src/stm32l4xx_hal_sd.c:1595:19:HAL_SD_Erase	40	static
../Drivers/STM32L4xx_HAL_Driver/Src/stm32l4xx_hal_sd.c:1697:6:HAL_SD_IRQHandler	24	static
../Drivers/STM32L4xx_HAL_Driver/Src/stm32l4xx_hal_sd.c:2006:21:HAL_SD_GetState	16	static
../Drivers/STM32L4xx_HAL_Driver/Src/stm32l4xx_hal_sd.c:2017:10:HAL_SD_GetError	16	static
../Drivers/STM32L4xx_HAL_Driver/Src/stm32l4xx_hal_sd.c:2027:13:HAL_SD_TxCpltCallback	16	static
../Drivers/STM32L4xx_HAL_Driver/Src/stm32l4xx_hal_sd.c:2042:13:HAL_SD_RxCpltCallback	16	static
../Drivers/STM32L4xx_HAL_Driver/Src/stm32l4xx_hal_sd.c:2057:13:HAL_SD_ErrorCallback	16	static
../Drivers/STM32L4xx_HAL_Driver/Src/stm32l4xx_hal_sd.c:2072:13:HAL_SD_AbortCallback	16	static
../Drivers/STM32L4xx_HAL_Driver/Src/stm32l4xx_hal_sd.c:2389:19:HAL_SD_GetCardCID	16	static
../Drivers/STM32L4xx_HAL_Driver/Src/stm32l4xx_hal_sd.c:2422:19:HAL_SD_GetCardCSD	16	static
../Drivers/STM32L4xx_HAL_Driver/Src/stm32l4xx_hal_sd.c:2536:19:HAL_SD_GetCardStatus	88	static
../Drivers/STM32L4xx_HAL_Driver/Src/stm32l4xx_hal_sd.c:2602:19:HAL_SD_GetCardInfo	16	static
../Drivers/STM32L4xx_HAL_Driver/Src/stm32l4xx_hal_sd.c:2627:19:HAL_SD_ConfigWideBusOperation	80	static
../Drivers/STM32L4xx_HAL_Driver/Src/stm32l4xx_hal_sd.c:3012:25:HAL_SD_GetCardState	32	static
../Drivers/STM32L4xx_HAL_Driver/Src/stm32l4xx_hal_sd.c:3035:19:HAL_SD_Abort	24	static
../Drivers/STM32L4xx_HAL_Driver/Src/stm32l4xx_hal_sd.c:3106:19:HAL_SD_Abort_IT	24	static
../Drivers/STM32L4xx_HAL_Driver/Src/stm32l4xx_hal_sd.c:3225:13:SD_DMATransmitCplt	24	static
../Drivers/STM32L4xx_HAL_Driver/Src/stm32l4xx_hal_sd.c:3238:13:SD_DMAReceiveCplt	24	static
../Drivers/STM32L4xx_HAL_Driver/Src/stm32l4xx_hal_sd.c:3280:13:SD_DMAError	32	static
../Drivers/STM32L4xx_HAL_Driver/Src/stm32l4xx_hal_sd.c:3320:13:SD_DMATxAbort	24	static
../Drivers/STM32L4xx_HAL_Driver/Src/stm32l4xx_hal_sd.c:3359:13:SD_DMARxAbort	24	static
../Drivers/STM32L4xx_HAL_Driver/Src/stm32l4xx_hal_sd.c:3399:17:SD_InitCard	80	static
../Drivers/STM32L4xx_HAL_Driver/Src/stm32l4xx_hal_sd.c:3488:17:SD_PowerON	32	static
../Drivers/STM32L4xx_HAL_Driver/Src/stm32l4xx_hal_sd.c:3657:13:SD_PowerOFF	16	static
../Drivers/STM32L4xx_HAL_Driver/Src/stm32l4xx_hal_sd.c:3670:17:SD_SendSDStatus	56	static
../Drivers/STM32L4xx_HAL_Driver/Src/stm32l4xx_hal_sd.c:3784:17:SD_SendStatus	24	static
../Drivers/STM32L4xx_HAL_Driver/Src/stm32l4xx_hal_sd.c:3811:17:SD_WideBus_Enable	32	static
../Drivers/STM32L4xx_HAL_Driver/Src/stm32l4xx_hal_sd.c:3858:17:SD_WideBus_Disable	32	static
../Drivers/STM32L4xx_HAL_Driver/Src/stm32l4xx_hal_sd.c:3907:17:SD_FindSCR	72	static
../Drivers/STM32L4xx_HAL_Driver/Src/stm32l4xx_hal_sd.c:4018:13:SD_Read_IT	32	static
../Drivers/STM32L4xx_HAL_Driver/Src/stm32l4xx_hal_sd.c:4057:13:SD_Write_IT	32	static
