../GuiApp/gui_app.c:51:6:gui_app_start	24	static
../GuiApp/gui_app.c:140:13:gui_app_NavigateAway	16	static
../GuiApp/gui_app.c:145:13:gui_app_initDisplay	16	static
../GuiApp/gui_app.c:165:13:gui_app_initExternalDisplay	272	static
../GuiApp/gui_app.c:177:13:gui_app_initSettings	4	static
../GuiApp/gui_app.c:189:13:gui_app_handleUartData	8	static
../GuiApp/gui_app.c:198:6:ed_eventRecevied	24	static
../GuiApp/gui_app.c:244:13:ed_writeBuffer	16	static
../GuiApp/gui_app.c:249:17:ed_calculateCrc	24	static
../GuiApp/gui_app.c:256:13:ed_startFileWrite	1248	static
../GuiApp/gui_app.c:344:17:gui_app_calculateCrc	544	static
../GuiApp/gui_app.c:378:6:gui_log_write	16	static
../GuiApp/gui_app.c:396:17:ed_getCustomButton	48	static
../GuiApp/gui_app.c:428:13:sys_showLogo	368	static
../GuiApp/gui_app.c:459:13:gui_app_clearUartRx	8	static
../GuiApp/gui_app.c:464:13:gui_app_configureUartDmaRx	8	static
../GuiApp/gui_app.c:470:6:gui_drawBackground	8	static
../GuiApp/gui_app.c:477:6:gui_clearView	128	static
../GuiApp/gui_app.c:486:6:gui_translate	24	static
../GuiApp/gui_app.c:530:13:gui_setRTCDateTime	40	static
../GuiApp/gui_app.c:549:6:HAL_UART_RxCpltCallback	16	static
