../GuiApp/gui_app.c:51:6:gui_app_start	24	static
../GuiApp/gui_app.c:140:13:gui_app_NavigateAway	16	static
../GuiApp/gui_app.c:145:13:gui_app_initDisplay	24	static
../GuiApp/gui_app.c:163:13:gui_app_initExternalDisplay	272	static
../GuiApp/gui_app.c:175:13:gui_app_initSettings	4	static
../GuiApp/gui_app.c:187:13:gui_app_handleUartData	8	static
../GuiApp/gui_app.c:196:6:ed_eventRecevied	24	static
../GuiApp/gui_app.c:242:13:ed_writeBuffer	16	static
../GuiApp/gui_app.c:247:17:ed_calculateCrc	24	static
../GuiApp/gui_app.c:254:13:ed_startFileWrite	1248	static
../GuiApp/gui_app.c:342:17:gui_app_calculateCrc	544	static
../GuiApp/gui_app.c:376:6:gui_log_write	16	static
../GuiApp/gui_app.c:394:17:ed_getCustomButton	48	static
../GuiApp/gui_app.c:426:13:sys_showLogo	368	static
../GuiApp/gui_app.c:457:13:gui_app_clearUartRx	8	static
../GuiApp/gui_app.c:462:13:gui_app_configureUartDmaRx	8	static
../GuiApp/gui_app.c:468:6:gui_drawBackground	8	static
../GuiApp/gui_app.c:475:6:gui_clearView	128	static
../GuiApp/gui_app.c:484:6:gui_translate	24	static
../GuiApp/gui_app.c:528:13:gui_setRTCDateTime	40	static
../GuiApp/gui_app.c:547:6:HAL_UART_RxCpltCallback	16	static
