../Display/ST7789/ST7789_driver.c:174:6:ST7789_init	32	static
../Display/ST7789/ST7789_driver.c:218:13:display_dr_setAddressWindow	40	static
../Display/ST7789/ST7789_driver.c:248:13:display_dr_setOrientation	24	static
../Display/ST7789/ST7789_driver.c:280:13:display_dr_invertDisplay	24	static
../Display/ST7789/ST7789_driver.c:286:13:display_dr_setSize	16	static
../Display/ST7789/ST7789_driver.c:301:13:display_dr_hardwareReset	8	static
../Display/ST7789/ST7789_driver.c:312:20:display_dr_checkAddressWindow	16	static
