../GuiApp/CustomComponents/gui_number_input.c:30:16:num_input_new	8	static
../GuiApp/CustomComponents/gui_number_input.c:51:16:num_input_newInit	16	static
../GuiApp/CustomComponents/gui_number_input.c:62:6:num_input_delete	16	static
../GuiApp/CustomComponents/gui_number_input.c:79:6:num_input_init	32	static
../GuiApp/CustomComponents/gui_number_input.c:120:6:num_input_setValue	16	static
../GuiApp/CustomComponents/gui_number_input.c:125:9:num_input_getValue	16	static
../GuiApp/CustomComponents/gui_number_input.c:130:6:num_input_setOnValueChanged	16	static
../GuiApp/CustomComponents/gui_number_input.c:135:6:num_input_setMinimumValue	16	static
../GuiApp/CustomComponents/gui_number_input.c:140:6:num_input_setMaximumValue	16	static
../GuiApp/CustomComponents/gui_number_input.c:145:6:num_input_setMinMaxValue	24	static
../GuiApp/CustomComponents/gui_number_input.c:151:13:num_input_btn_focusChanged	152	static
../GuiApp/CustomComponents/gui_number_input.c:164:13:num_input_increaseValue	24	static
../GuiApp/CustomComponents/gui_number_input.c:180:13:num_input_decreaseValue	24	static
../GuiApp/CustomComponents/gui_number_input.c:196:13:num_input_buttonDelete	16	static
../GuiApp/CustomComponents/gui_number_input.c:201:13:num_input_displayValue	200	static
../GuiApp/CustomComponents/gui_number_input.c:214:13:num_input_onDisplay	160	static
