../GuiApp/CustomComponents/gui_slider.c:39:11:slider_new	8	static
../GuiApp/CustomComponents/gui_slider.c:60:11:slider_newInit	16	static
../GuiApp/CustomComponents/gui_slider.c:71:6:slider_delete	16	static
../GuiApp/CustomComponents/gui_slider.c:89:6:slider_init	16	static
../GuiApp/CustomComponents/gui_slider.c:132:6:slider_setValue	16	static
../GuiApp/CustomComponents/gui_slider.c:148:9:slider_getValue	16	static
../GuiApp/CustomComponents/gui_slider.c:153:6:slider_setStep	16	static
../GuiApp/CustomComponents/gui_slider.c:158:6:slider_setLeftColor	16	static
../GuiApp/CustomComponents/gui_slider.c:163:6:slider_setRightColor	16	static
../GuiApp/CustomComponents/gui_slider.c:168:6:slider_setOnValueChanged	16	static
../GuiApp/CustomComponents/gui_slider.c:173:13:slider_buttonFocusChanged	24	static
../GuiApp/CustomComponents/gui_slider.c:179:13:slider_onDisplay	24	static
../GuiApp/CustomComponents/gui_slider.c:199:13:slider_displayBar	384	static
../GuiApp/CustomComponents/gui_slider.c:237:13:slider_setMinusBtnPosition	24	static
../GuiApp/CustomComponents/gui_slider.c:245:13:slider_setPlusBtnPosition	24	static
../GuiApp/CustomComponents/gui_slider.c:252:13:slider_displayBtn	168	static
../GuiApp/CustomComponents/gui_slider.c:271:13:slider_displayValue	200	static
../GuiApp/CustomComponents/gui_slider.c:285:13:slider_decreaseValue	24	static
../GuiApp/CustomComponents/gui_slider.c:302:13:slider_increaseValue	24	static
../GuiApp/CustomComponents/gui_slider.c:319:13:slider_buttonDelete	16	static
