../Display/ILI9486/ILI9486_driver.c:114:6:ILI9486_init	32	static
../Display/ILI9486/ILI9486_driver.c:159:13:display_dr_setAddressWindow	32	static
../Display/ILI9486/ILI9486_driver.c:187:13:display_dr_setOrientation	24	static
../Display/ILI9486/ILI9486_driver.c:225:13:display_dr_invertDisplay	24	static
../Display/ILI9486/ILI9486_driver.c:231:13:display_dr_setSize	16	static
../Display/ILI9486/ILI9486_driver.c:246:13:display_dr_sendCommandData	24	static
../Display/ILI9486/ILI9486_driver.c:256:13:display_dr_sendCommand	16	static
../Display/ILI9486/ILI9486_driver.c:261:13:display_dr_hardwareReset	8	static
../Display/ILI9486/ILI9486_driver.c:271:20:display_dr_checkAddressWindow	16	static
