../Display/display_api.c:44:6:display_init	32	static
../Display/display_api.c:76:22:display_getOrientation	4	static
../Display/display_api.c:81:15:display_getSizePixels	16	static
../Display/display_api.c:86:15:display_getDefaultSizePixels	16	static
../Display/display_api.c:95:10:display_getWidthPixels	4	static
../Display/display_api.c:100:10:display_getHeightPixels	4	static
../Display/display_api.c:105:10:display_convertToRGB565	24	static
../Display/display_api.c:112:6:display_setOrientation	16	static
../Display/display_api.c:117:6:display_setAddressWindow	24	static
../Display/display_api.c:124:6:display_fillScreen	24	static
../Display/display_api.c:130:6:display_drawPixel	32	static
../Display/display_api.c:141:6:display_drawLine	72	static
../Display/display_api.c:191:6:display_drawHorizontalLine	40	static
../Display/display_api.c:204:6:display_drawVerticalLine	40	static
../Display/display_api.c:217:6:display_drawRectangleFill	32	static
../Display/display_api.c:232:6:display_drawRectangleFillBorder	32	static
../Display/display_api.c:249:6:display_drawRectangleBorder	32	static
../Display/display_api.c:276:6:display_drawRoundRectangleFill	48	static
../Display/display_api.c:299:6:display_drawRoundRectangleFillBorder	40	static
../Display/display_api.c:309:6:display_drawRoundRectangleBorder	40	static
../Display/display_api.c:386:6:display_drawCircleBorder	48	static
../Display/display_api.c:426:6:display_drawCircleFill	32	static
../Display/display_api.c:434:6:display_setBacklight	16	static
../Display/display_api.c:444:24:display_getRGB565	24	static
../Display/display_api.c:458:13:display_drawCircleFillSide	48	static
../Display/display_api.c:497:13:display_drawCircleCorner	48	static
../Display/display_api.c:547:23:display_sgn	16	static
../Display/display_api.c:552:6:display_drawImageDataU16	40	static
