../Display/display_hal.c:32:6:display_hal_init	8	static
../Display/display_hal.c:43:6:display_hal_sendCommand	16	static
../Display/display_hal.c:52:6:display_hal_sendU8Data	16	static
../Display/display_hal.c:61:6:display_hal_sendCommandData	16	static
../Display/display_hal.c:72:6:display_hal_writeColor	24	static
../Display/display_hal.c:89:6:display_hal_writePixelData	24	static
../Display/display_hal.c:105:6:display_hal_transmissionFinished	8	static
../Display/display_hal.c:110:6:HAL_SPI_TxCpltCallback	16	static
../Display/display_hal.c:162:6:HAL_SPI_ErrorCallback	16	static
../Display/display_hal.c:173:6:display_hal_readCmd	24	static
../Display/display_hal.c:179:6:display_hal_readData	16	static
../Display/display_hal.c:188:6:display_hal_backlightOn	8	static
../Display/display_hal.c:193:6:display_hal_backlightOff	8	static
../Display/display_hal.c:198:6:display_hal_setBacklight	56	static
../Display/display_hal.c:220:6:display_hal_delay	16	static
../Display/display_hal.c:225:6:display_hal_chipSelectHigh	8	static
../Display/display_hal.c:230:6:display_hal_chipSelectLow	8	static
../Display/display_hal.c:235:6:display_hal_dataMode	8	static
../Display/display_hal.c:240:13:display_hal_commandMode	8	static
../Display/display_hal.c:245:6:display_hal_resetHigh	8	static
../Display/display_hal.c:250:6:display_hal_resetLow	8	static
../Display/display_hal.c:255:6:display_hal_powerOn	4	static
../Display/display_hal.c:259:6:display_hal_powerOff	4	static
../Display/display_hal.c:263:20:display_hal_waitForSpiReady	4	static
../Display/display_hal.c:268:13:display_hal_addColorToBuffer	24	static
